<html>
<body>
<pre>
<h1>µVision Build Log</h1>
<h2>Tool Versions:</h2>
IDE-Version: £gVision V5.42.0.0
Copyright (C) 2025 ARM Ltd and ARM Germany GmbH. All rights reserved.
License Information: 1 barrysu88@gmail.com
1
User-based license: Keil MDK Community (non-commercial free of charge)
Valid until: Jun 1 2033. Cached until: Sep 19 2025
 
Tool Versions:
Toolchain:       Keil MDK Community (non-commercial free of charge  Version: 5.42.0.0
Toolchain Path:  C:\Users\barry\AppData\Local\Keil_v5\ARM\ARMCLANG\Bin
C Compiler:      ArmClang.exe V6.23
Assembler:       Armasm.exe V6.23
Linker/Locator:  ArmLink.exe V6.23
Library Manager: ArmAr.exe V6.23
Hex Converter:   FromElf.exe V6.23
CPU DLL:         SARMCM3.DLL V5.42.0.0
Dialog DLL:      DARMCM1.DLL V1.19.6.0
Target DLL:      NULink\Nu_Link.dll V3.21
Dialog DLL:      TARMCM1.DLL V1.14.6.0
 
<h2>Project:</h2>
C:\Users\barry\OneDrive\Desktop\ContainerHouse\ContainerHouseSystem_Center\Keil\ConainerHouseSystem_Center.uvprojx
Project File Date:  09/11/2025

<h2>Output:</h2>
*** Using Compiler 'V6.23', folder: 'C:\Users\barry\AppData\Local\Keil_v5\ARM\ARMCLANG\Bin'
Rebuild target 'FW_AO2024_Cpu_MeterSystem_Center1261_v01'
compiling system_NUC1261.c...
creating list file for main.c...
assembling startup_NUC1261.s...
creating list file for AO_HostProcess.c...
creating list file for system_NUC1261.c...
creating preprocessor file for AO_HostProcess.c...
creating preprocessor file for AO_EE24C.c...
creating preprocessor file for system_NUC1261.c...
creating preprocessor file for main.c...
creating preprocessor file for AO_MeterProcess.c...
creating list file for AO_MeterProcess.c...
compiling main.c...
compiling AO_EE24C.c...
creating list file for AO_EE24C.c...
compiling AO_HostProcess.c...
creating list file for AO2022_Center_1261.c...
creating preprocessor file for AO2022_Center_1261.c...
compiling AO_MeterProcess.c...
creating preprocessor file for ota_manager.c...
compiling AO2022_Center_1261.c...
creating preprocessor file for fmc_user.c...
creating list file for fmc_user.c...
creating list file for ota_manager.c...
compiling ota_manager.c...
creating preprocessor file for AO_OTAProcess.c...
creating list file for AO_OTAProcess.c...
compiling AO_OTAProcess.c...
compiling fmc_user.c...
creating preprocessor file for clk.c...
creating list file for clk.c...
compiling clk.c...
creating list file for crc.c...
creating preprocessor file for crc.c...
compiling crc.c...
creating preprocessor file for fmc.c...
creating list file for fmc.c...
creating preprocessor file for i2c.c...
compiling fmc.c...
creating list file for sys.c...
creating preprocessor file for sys.c...
compiling i2c.c...
creating list file for i2c.c...
creating preprocessor file for wdt.c...
creating list file for wdt.c...
compiling sys.c...
creating preprocessor file for uart.c...
compiling wdt.c...
creating list file for uart.c...
compiling uart.c...
creating preprocessor file for retarget.c...
creating list file for retarget.c...
compiling retarget.c...
linking...
.\obj\FW_AO2024_Cpu_MeterSystem_Center1261_v01.axf: Warning: L6340W: options first and last are ignored for link type of scattered
Program Size: Code=30356 RO-data=292 RW-data=12 ZI-data=2508  
Finished: 0 information, 1 warning and 0 error messages.
After Build - User command #1: fromelf --bin ".\obj\FW_AO2024_Cpu_MeterSystem_Center1261_v01.axf" --output ".\obj\FW_AO2024_Cpu_MeterSystem_Center1261_v01.bin"
After Build - User command #2: fromelf --text -c ".\obj\FW_AO2024_Cpu_MeterSystem_Center1261_v01.axf" --output ".\obj\FW_AO2024_Cpu_MeterSystem_Center1261_v01.txt"
".\obj\FW_AO2024_Cpu_MeterSystem_Center1261_v01.axf" - 0 Error(s), 1 Warning(s).

<h2>Software Packages used:</h2>

Package Vendor: Nuvoton
                https://github.com/OpenNuvoton/cmsis-packs/raw/master/Nuvoton_DFP/Nuvoton.NuMicroM0_DFP.1.0.0.pack
                Nuvoton::NuMicroM0_DFP@1.0.0
                Nuvoton ARM Cortex-M0 NuMicro Family Device Support

<h2>Collection of Component include folders:</h2>
  C:/Users/barry/AppData/Local/arm/packs/Nuvoton/NuMicroM0_DFP/1.0.0/Device/NUC1261/Include

<h2>Collection of Component Files used:</h2>
Build Time Elapsed:  00:00:01
</pre>
</body>
</html>
